[00:33:32] [ServerMain/INFO]: [bootstrap] Running Java 21 (OpenJDK 64-Bit Server VM 21.0.8+9-Ubuntu-0ubuntu124.04.1; Ubuntu null) on Linux 6.8.0-1030-azure (amd64)
[00:33:32] [ServerMain/INFO]: [bootstrap] Loading Paper 1.21.10-117-ver/1.21.10@df4b668 (2025-11-30T22:37:28Z) for Minecraft 1.21.10
[00:33:32] [ServerMain/INFO]: [PluginInitializerManager] Initializing plugins...
[00:33:34] [ServerMain/INFO]: [PluginInitializerManager] Initialized 1 plugin
[00:33:34] [ServerMain/INFO]: [PluginInitializerManager] Bukkit plugins (1):
 - SkinsRestorer (15.9.1)
[00:33:41] [ServerMain/INFO]: Environment: Environment[sessionHost=https://sessionserver.mojang.com, servicesHost=https://api.minecraftservices.com, profilesHost=https://api.mojang.com, name=PROD]
[00:33:44] [ServerMain/INFO]: Loaded 1461 recipes
[00:33:44] [ServerMain/INFO]: Loaded 1574 advancements
[00:33:44] [ServerMain/INFO]: [ca.spottedleaf.dataconverter.minecraft.datatypes.MCTypeRegistry] Initialising converters for DataConverter...
[00:33:45] [ServerMain/INFO]: [ca.spottedleaf.dataconverter.minecraft.datatypes.MCTypeRegistry] Finished initialising converters for DataConverter in 647.9ms
[00:33:45] [Server thread/INFO]: Starting minecraft server version 1.21.10
[00:33:45] [Server thread/INFO]: Loading properties
[00:33:45] [Server thread/INFO]: This server is running Paper version 1.21.10-117-ver/1.21.10@df4b668 (2025-11-30T22:37:28Z) (Implementing API version 1.21.10-R0.1-SNAPSHOT)
[00:33:46] [Server thread/INFO]: [spark] This server bundles the spark profiler. For more information please visit https://docs.papermc.io/paper/profiling
[00:33:46] [Server thread/INFO]: Server Ping Player Sample Count: 12
[00:33:46] [Server thread/INFO]: Using 4 threads for Netty based IO
[00:33:47] [Server thread/INFO]: [MoonriseCommon] Paper is using 1 worker threads, 1 I/O threads
[00:33:48] [Server thread/INFO]: Default game type: SURVIVAL
[00:33:48] [Server thread/INFO]: Generating keypair
[00:33:48] [Server thread/INFO]: Starting Minecraft server on *:25565
[00:33:48] [Server thread/INFO]: Using epoll channel type
[00:33:48] [Server thread/INFO]: Paper: Using libdeflate (Linux x86_64) compression from Velocity.
[00:33:48] [Server thread/INFO]: Paper: Using OpenSSL 3.x.x (Linux x86_64) cipher from Velocity.
[00:33:48] [Server thread/INFO]: [SkinsRestorer] Loading server plugin SkinsRestorer v15.9.1
[00:33:48] [Server thread/INFO]: Server permissions file permissions.yml is empty, ignoring it
[00:33:48] [Server thread/INFO]: [SkinsRestorer] Enabling SkinsRestorer v15.9.1
[00:33:50] [Server thread/INFO]: [SkinsRestorer] Running on Minecraft 1.21.10.
[00:33:51] [Server thread/INFO]: [SkinsRestorer] Using paper join listener!
[00:33:51] [Server thread/WARN]: **** SERVER IS RUNNING IN OFFLINE/INSECURE MODE!
[00:33:51] [Server thread/WARN]: The server will make no attempt to authenticate usernames. Beware.
[00:33:51] [Server thread/WARN]: While this makes the game possible to play without internet access, it also opens up the ability for hackers to connect with any username they choose.
[00:33:51] [Server thread/WARN]: To change this, set "online-mode" to "true" in the server.properties file.
[00:33:51] [Server thread/INFO]: Preparing level "world"
[00:33:51] [Folia Async Scheduler Thread #1/INFO]: [SkinsRestorer] ----------------------------------------------
[00:33:51] [Folia Async Scheduler Thread #1/INFO]: [SkinsRestorer]     +==================+
[00:33:51] [Folia Async Scheduler Thread #1/INFO]: [SkinsRestorer]     |   SkinsRestorer  |
[00:33:51] [Folia Async Scheduler Thread #1/INFO]: [SkinsRestorer]     |------------------|
[00:33:51] [Folia Async Scheduler Thread #1/INFO]: [SkinsRestorer]     |  Standalone Mode |
[00:33:51] [Folia Async Scheduler Thread #1/INFO]: [SkinsRestorer]     +==================+
[00:33:51] [Folia Async Scheduler Thread #1/INFO]: [SkinsRestorer] ----------------------------------------------
[00:33:51] [Folia Async Scheduler Thread #1/INFO]: [SkinsRestorer]     Version: 15.9.1
[00:33:51] [Folia Async Scheduler Thread #1/INFO]: [SkinsRestorer]     Commit: ee713cb
[00:33:51] [Folia Async Scheduler Thread #1/INFO]: [SkinsRestorer]     This is the latest version!
[00:33:51] [Folia Async Scheduler Thread #1/INFO]: [SkinsRestorer] ----------------------------------------------
[00:33:51] [Folia Async Scheduler Thread #1/INFO]: [SkinsRestorer] Do you have issues? Read our troubleshooting guide: https://skinsrestorer.net/docs/troubleshooting
[00:33:51] [Folia Async Scheduler Thread #1/INFO]: [SkinsRestorer] Want to support SkinsRestorer? Consider donating: https://skinsrestorer.net/donate
[00:33:52] [Server thread/INFO]: Loading 0 persistent chunks for world 'minecraft:overworld'...
[00:33:52] [Server thread/INFO]: Preparing spawn area: 100%
[00:33:52] [Server thread/INFO]: Prepared spawn area in 1 ms
[00:33:52] [Server thread/INFO]: Loading 0 persistent chunks for world 'minecraft:the_nether'...
[00:33:52] [Server thread/INFO]: Prepared spawn area in 2 ms
[00:33:52] [Server thread/INFO]: Loading 0 persistent chunks for world 'minecraft:the_end'...
[00:33:52] [Server thread/INFO]: Prepared spawn area in 0 ms
[00:33:52] [Server thread/INFO]: Done preparing level "world" (1.096s)
[00:33:52] [Server thread/INFO]: [spark] Starting background profiler...
[00:33:53] [Server thread/INFO]: Running delayed init tasks
[00:33:53] [Server thread/INFO]: Done (23.157s)! For help, type "help"
[00:39:35] [User Authenticator #0/INFO]: UUID of player Pikemaruya is 9983ddaa-0879-3b90-976f-18533e86cd70
[00:39:38] [Server thread/INFO]: Pikemaruya joined the game
[00:39:38] [Server thread/INFO]: Pikemaruya[/127.198.71.157:55745] logged in with entity id 35 at ([world_nether]867.2289801190645, 58.0, -639.8456974450636)
[00:46:38] [User Authenticator #1/INFO]: UUID of player Melart9219 is f2dac0ae-b053-357d-a25b-c108939c169e
[00:46:40] [Server thread/INFO]: Melart9219 joined the game
[00:46:40] [Server thread/INFO]: Melart9219[/127.46.117.176:37959] logged in with entity id 1411 at ([world]-271.6270208825612, 73.0, -470.40092125277545)
[00:48:30] [Server thread/INFO]: Melart9219 lost connection: Disconnected
[00:48:30] [Server thread/INFO]: Melart9219 left the game
[00:48:37] [User Authenticator #2/INFO]: UUID of player Melart9219 is f2dac0ae-b053-357d-a25b-c108939c169e
[00:48:38] [Server thread/INFO]: Melart9219 joined the game
[00:48:38] [Server thread/INFO]: Melart9219[/127.46.117.176:43887] logged in with entity id 2176 at ([world]-256.4579420537783, 71.0, -477.36014491889216)
[01:04:52] [Server thread/INFO]: Melart9219 issued server command: /tp @s -988 105.5 -810
[01:04:52] [Server thread/INFO]: [Melart9219: Teleported Melart9219 to -987.500000, 105.500000, -809.500000]
[01:06:57] [Server thread/INFO]: Melart9219 issued server command: /tp @s -277 68.5 -493
[01:06:57] [Server thread/INFO]: [Melart9219: Teleported Melart9219 to -276.500000, 68.500000, -492.500000]
[01:07:23] [Server thread/INFO]: Pikemaruya was doomed to fall
